// Jest Snapshot v1, https://goo.gl/fbAQLP

exports[`BookCard should render the correct DOM: SearchField 1`] = `
<div>
  <div
    class="mb-4 mr-4 card"
    style="width: 30rem;"
  >
    <div
      class="card-body"
    >
      <div
        class="card-title h5"
      >
        SOME_STRING
      </div>
      <div
        class="mb-2 card-subtitle h6"
      >
        by: SOME_STRING
      </div>
      <p
        class="card-text"
      >
        date: 
        SOME_STRING
      </p>
      <p
        class="card-text"
      >
        pages: 
        SOME_STRING
      </p>
    </div>
  </div>
</div>
`;
